******************************************************************************
             TMS320C2000 Linker PC v5.2.3                      
******************************************************************************
>> Linked Fri Mar 13 11:40:43 2015

OUTPUT FILE NAME:   <D-STATCOM_ByLee.out>
ENTRY POINT SYMBOL: "_c_int00"  address: 003f888c


MEMORY CONFIGURATION

         name            origin    length      used     unused   attr    fill
----------------------  --------  ---------  --------  --------  ----  --------
PAGE 0:
  RAMM0                 00000000   00000400  00000000  00000400  RWIX
  BEGIN                 003f8000   00000002  00000002  00000000  RWIX
  PRAMH0                003f8002   00000ffe  00000a8f  0000056f  RWIX
  BOOTROM               003ff000   00000fc0  00000000  00000fc0  RW  
  RESET                 003fffc0   00000002  00000000  00000002  RWIX

PAGE 1:
  RAMM1                 00000400   00000400  00000400  00000000  RWIX
  DEV_EMU               00000880   00000180  000000d2  000000ae  RWIX
  FLASH_REGS            00000a80   00000060  00000008  00000058  RWIX
  CSM                   00000ae0   00000010  00000010  00000000  RWIX
  XINTF                 00000b20   00000020  00000020  00000000  RWIX
  CPU_TIMER0            00000c00   00000008  00000008  00000000  RWIX
  PIE_CTRL              00000ce0   00000020  0000001a  00000006  RWIX
  PIE_VECT              00000d00   00000100  00000100  00000000  RWIX
  ECANA                 00006000   00000040  00000034  0000000c  RWIX
  ECANA_LAM             00006040   00000040  00000040  00000000  RWIX
  ECANA_MOTS            00006080   00000040  00000040  00000000  RWIX
  ECANA_MOTO            000060c0   00000040  00000040  00000000  RWIX
  ECANA_MBOX            00006100   00000100  00000100  00000000  RWIX
  SYSTEM                00007010   00000020  00000020  00000000  RWIX
  SPIA                  00007040   00000010  00000010  00000000  RWIX
  SCIA                  00007050   00000010  00000010  00000000  RWIX
  XINTRUPT              00007070   00000010  00000010  00000000  RWIX
  GPIOMUX               000070c0   00000020  00000020  00000000  RWIX
  GPIODAT               000070e0   00000020  00000020  00000000  RWIX
  ADC                   00007100   00000020  0000001a  00000006  RWIX
  EVA                   00007400   00000040  00000032  0000000e  RWIX
  EVB                   00007500   00000040  00000032  0000000e  RWIX
  SCIB                  00007750   00000010  00000010  00000000  RWIX
  MCBSPA                00007800   00000040  00000025  0000001b  RWIX
  DSRAM                 00100000   00010000  0000042e  0000fbd2  RWIX
  CSM_PWL               003f7ff8   00000008  00000008  00000000  RWIX
  DRAMH0                003f9028   00000fd8  0000055e  00000a7a  RWIX


SECTION ALLOCATION MAP

 output                                  attributes/
section   page    origin      length       input sections
--------  ----  ----------  ----------   ----------------
.pinit     0    003f8002    00000000     UNINITIALIZED

codestart 
*          0    003f8000    00000002     
                  003f8000    00000002     DSP281x_CodeStartBranch.obj (codestart)

.text      0    003f8002    00000a8f     
                  003f8002    00000514     D-STATCOM_Main_ByLee.obj (.text)
                  003f8516    0000014f     DSP281x_DefaultIsr.obj (.text)
                  003f8665    00000083     rts2800_ml.lib : fs_div.obj (.text)
                  003f86e8    00000082     DSP281x_SysCtrl.obj (.text)
                  003f876a    00000078     rts2800_ml.lib : fs_add.obj (.text)
                  003f87e2    0000005a                    : fs_mpy.obj (.text)
                  003f883c    00000050                    : sqrt.obj (.text)
                  003f888c    00000044                    : boot.obj (.text)
                  003f88d0    00000043     DSP281x_Gpio.obj (.text)
                  003f8913    00000041     rts2800_ml.lib : ldexp.obj (.text)
                  003f8954    00000028     DSP281x_PieCtrl.obj (.text)
                  003f897c    00000025     rts2800_ml.lib : fs_toi.obj (.text)
                  003f89a1    00000020     DSP281x_PieVect.obj (.text)
                  003f89c1    0000001d     rts2800_ml.lib : fs_tou.obj (.text)
                  003f89de    0000001b                    : args_main.obj (.text)
                  003f89f9    0000001a                    : i_tofs.obj (.text)
                  003f8a13    00000019                    : exit.obj (.text)
                  003f8a2c    00000017                    : fs_cmp.obj (.text)
                  003f8a43    00000015     DSP281x_MemCopy.obj (.text)
                  003f8a58    00000012     DSP281x_Adc.obj (.text)
                  003f8a6a    00000010     rts2800_ml.lib : u_tofs.obj (.text)
                  003f8a7a    00000009                    : _lock.obj (.text)
                  003f8a83    00000008     DSP281x_CodeStartBranch.obj (.text)
                  003f8a8b    00000005     rts2800_ml.lib : fs_neg.obj (.text)
                  003f8a90    00000001     DSP281x_Sci.obj (.text)

.reset     0    003fffc0    00000002     DSECT
                  003fffc0    00000002     rts2800_ml.lib : boot.obj (.reset)

.stack     1    00000400    00000400     UNINITIALIZED
                  00000400    00000400     --HOLE--

DevEmuRegsFile 
*          1    00000880    000000d2     UNINITIALIZED
                  00000880    000000d2     DSP281x_GlobalVariableDefs.obj (DevEmuRegsFile)

FlashRegsFile 
*          1    00000a80    00000008     UNINITIALIZED
                  00000a80    00000008     DSP281x_GlobalVariableDefs.obj (FlashRegsFile)

CsmRegsFile 
*          1    00000ae0    00000010     UNINITIALIZED
                  00000ae0    00000010     DSP281x_GlobalVariableDefs.obj (CsmRegsFile)

XintfRegsFile 
*          1    00000b20    00000020     UNINITIALIZED
                  00000b20    00000020     DSP281x_GlobalVariableDefs.obj (XintfRegsFile)

CpuTimer0RegsFile 
*          1    00000c00    00000008     UNINITIALIZED
                  00000c00    00000008     DSP281x_GlobalVariableDefs.obj (CpuTimer0RegsFile)

PieCtrlRegsFile 
*          1    00000ce0    0000001a     UNINITIALIZED
                  00000ce0    0000001a     DSP281x_GlobalVariableDefs.obj (PieCtrlRegsFile)

PieVectTableFile 
*          1    00000d00    00000100     UNINITIALIZED
                  00000d00    00000100     DSP281x_GlobalVariableDefs.obj (PieVectTableFile)

ECanaRegsFile 
*          1    00006000    00000034     UNINITIALIZED
                  00006000    00000034     DSP281x_GlobalVariableDefs.obj (ECanaRegsFile)

ECanaLAMRegsFile 
*          1    00006040    00000040     UNINITIALIZED
                  00006040    00000040     DSP281x_GlobalVariableDefs.obj (ECanaLAMRegsFile)

ECanaMOTSRegsFile 
*          1    00006080    00000040     UNINITIALIZED
                  00006080    00000040     DSP281x_GlobalVariableDefs.obj (ECanaMOTSRegsFile)

ECanaMOTORegsFile 
*          1    000060c0    00000040     UNINITIALIZED
                  000060c0    00000040     DSP281x_GlobalVariableDefs.obj (ECanaMOTORegsFile)

ECanaMboxesFile 
*          1    00006100    00000100     UNINITIALIZED
                  00006100    00000100     DSP281x_GlobalVariableDefs.obj (ECanaMboxesFile)

SysCtrlRegsFile 
*          1    00007010    00000020     UNINITIALIZED
                  00007010    00000020     DSP281x_GlobalVariableDefs.obj (SysCtrlRegsFile)

SpiaRegsFile 
*          1    00007040    00000010     UNINITIALIZED
                  00007040    00000010     DSP281x_GlobalVariableDefs.obj (SpiaRegsFile)

SciaRegsFile 
*          1    00007050    00000010     UNINITIALIZED
                  00007050    00000010     DSP281x_GlobalVariableDefs.obj (SciaRegsFile)

XIntruptRegsFile 
*          1    00007070    00000010     UNINITIALIZED
                  00007070    00000010     DSP281x_GlobalVariableDefs.obj (XIntruptRegsFile)

GpioMuxRegsFile 
*          1    000070c0    00000020     UNINITIALIZED
                  000070c0    00000020     DSP281x_GlobalVariableDefs.obj (GpioMuxRegsFile)

GpioDataRegsFile 
*          1    000070e0    00000020     UNINITIALIZED
                  000070e0    00000020     DSP281x_GlobalVariableDefs.obj (GpioDataRegsFile)

AdcRegsFile 
*          1    00007100    0000001a     UNINITIALIZED
                  00007100    0000001a     DSP281x_GlobalVariableDefs.obj (AdcRegsFile)

EvaRegsFile 
*          1    00007400    00000032     UNINITIALIZED
                  00007400    00000032     DSP281x_GlobalVariableDefs.obj (EvaRegsFile)

EvbRegsFile 
*          1    00007500    00000032     UNINITIALIZED
                  00007500    00000032     DSP281x_GlobalVariableDefs.obj (EvbRegsFile)

ScibRegsFile 
*          1    00007750    00000010     UNINITIALIZED
                  00007750    00000010     DSP281x_GlobalVariableDefs.obj (ScibRegsFile)

McbspaRegsFile 
*          1    00007800    00000025     UNINITIALIZED
                  00007800    00000025     DSP281x_GlobalVariableDefs.obj (McbspaRegsFile)

.cinit     1    00100000    00000413     
                  00100000    000003f9     D-STATCOM_Main_ByLee.obj (.cinit)
                  001003f9    0000000a     rts2800_ml.lib : _lock.obj (.cinit)
                  00100403    0000000a                    : exit.obj (.cinit)
                  0010040d    00000004                    : errno.obj (.cinit)
                  00100411    00000002     --HOLE-- [fill = 0]

ramfuncs   1    00100413    0000001b     
                  00100413    00000017     DSP281x_SysCtrl.obj (ramfuncs)
                  0010042a    00000004     DSP281x_usDelay.obj (ramfuncs)

CsmPwlFile 
*          1    003f7ff8    00000008     UNINITIALIZED
                  003f7ff8    00000008     DSP281x_GlobalVariableDefs.obj (CsmPwlFile)

.ebss      1    003f9028    0000045e     UNINITIALIZED
                  003f9028    00000004     rts2800_ml.lib : _lock.obj (.ebss)
                  003f902c    00000004                    : exit.obj (.ebss)
                  003f9030    00000001                    : errno.obj (.ebss)
                  003f9031    0000000f     --HOLE--
                  003f9040    00000446     D-STATCOM_Main_ByLee.obj (.ebss)

.econst    1    003f9486    00000100     
                  003f9486    00000100     DSP281x_PieVect.obj (.econst)


GLOBAL SYMBOLS: SORTED ALPHABETICALLY BY Name 

address    name
--------   ----
003f8002   .text
003f8a13   C$$EXIT
003f876f   FS$$ADD
003f8a2c   FS$$CMP
003f8665   FS$$DIV
003f87e2   FS$$MPY
003f8a8b   FS$$NEG
003f876a   FS$$SUB
003f897c   FS$$TOI
003f89c1   FS$$TOU
003f89f9   I$$TOFS
003f8a6a   U$$TOFS
003f9180   _AD
003f8589   _ADCINT_ISR
003f82c5   _ADCSmplePro
003f82ad   _ADC_SampleINT
003f8288   _ADC_T1TOADC_isr
003f906a   _ADREG
003f906e   _AD_CHIPSEL0
003f9070   _AD_CHIPSEL1
003f9072   _AD_CONVST
003f9041   _AD_corrention_flag
003f9042   _ADflag
00007100   _AdcRegs
003f85cf   _CAPINT1_ISR
003f85d4   _CAPINT2_ISR
003f85d9   _CAPINT3_ISR
003f8615   _CAPINT4_ISR
003f861a   _CAPINT5_ISR
003f861f   _CAPINT6_ISR
003f8598   _CMP1INT_ISR
003f859d   _CMP2INT_ISR
003f85a2   _CMP3INT_ISR
003f85de   _CMP4INT_ISR
003f85e3   _CMP5INT_ISR
003f85e8   _CMP6INT_ISR
003f8502   _Comm
00000c00   _CpuTimer0Regs
003f7ff8   _CsmPwl
00000ae0   _CsmRegs
003f8739   _CsmUnlock
003f8520   _DATALOG_ISR
0010042a   _DSP28x_usDelay
00000880   _DevEmuRegs
003f86fa   _DisableDog
003f864c   _ECAN0INTA_ISR
003f8651   _ECAN1INTA_ISR
00006040   _ECanaLAMRegs
000060c0   _ECanaMOTORegs
00006080   _ECanaMOTSRegs
00006100   _ECanaMboxes
00006000   _ECanaRegs
003f8656   _EMPTY_ISR
003f852a   _EMUINT_ISR
003f8973   _EnableInterrupts
00007400   _EvaRegs
00007500   _EvbRegs
003f906c   _Feb1
003f907a   _Feb2
00000a80   _FlashRegs
000070e0   _GpioDataRegs
000070c0   _GpioMuxRegs
003f9060   _I1
003f904c   _I1_offset
003f9056   _I1_offset_temp
003f904e   _I2
003f905e   _I2_offset
003f9054   _I2_offset_temp
003f9050   _I3
003f8534   _ILLEGAL_ISR
003f8516   _INT13_ISR
003f851b   _INT14_ISR
003f8a58   _InitAdc
00100413   _InitFlash
003f88d0   _InitGpio
003f871f   _InitPeripheralClocks
003f8954   _InitPieCtrl
003f89a1   _InitPieVectTable
003f8702   _InitPll
003f9040   _InitPoint
003f8a90   _InitSci
003f8002   _InitSciRS232
003f86e8   _InitSysCtrl
003f88dd   _Init_Gpio
003f86f0   _KickDog
003f862e   _MRINTA_ISR
003f8633   _MXINTA_ISR
00007800   _McbspaRegs
003f8a43   _MemCopy
003f852f   _NMI_ISR
003f9112   _Out_Data
003f8575   _PDPINTA_ISR
003f857a   _PDPINTB_ISR
003f865b   _PIE_RESERVED
003f90c0   _PI_Ia
003f90e4   _PI_Ib
003f9100   _PI_Ic
003f90d2   _PI_Udc
00000ce0   _PieCtrlRegs
00000d00   _PieVectTable
003f9486   _PieVectTableInit
003f8525   _RTOSINT_ISR
003f9140   _SCI
003f8638   _SCIRXINTA_ISR
003f8642   _SCIRXINTB_ISR
003f863d   _SCITXINTA_ISR
003f8647   _SCITXINTB_ISR
003f8624   _SPIRXINTA_ISR
003f8629   _SPITXINTA_ISR
00007050   _SciaRegs
00007750   _ScibRegs
00007040   _SpiaRegs
00007010   _SysCtrlRegs
003f85ac   _T1CINT_ISR
003f85b6   _T1OFINT_ISR
003f85a7   _T1PINT_ISR
003f85b1   _T1UFINT_ISR
003f85c0   _T2CINT_ISR
003f85ca   _T2OFINT_ISR
003f85bb   _T2PINT_ISR
003f85c5   _T2UFINT_ISR
003f85f2   _T3CINT_ISR
003f85fc   _T3OFINT_ISR
003f85ed   _T3PINT_ISR
003f85f7   _T3UFINT_ISR
003f8606   _T4CINT_ISR
003f8610   _T4OFINT_ISR
003f8601   _T4PINT_ISR
003f860b   _T4UFINT_ISR
003f858e   _TINT0_ISR
003f9078   _U1
003f904a   _U1_offset
003f9066   _U1_offset_temp
003f9076   _U2
003f9048   _U2_offset
003f9064   _U2_offset_temp
003f8566   _USER10_ISR
003f856b   _USER11_ISR
003f8570   _USER12_ISR
003f8539   _USER1_ISR
003f853e   _USER2_ISR
003f8543   _USER3_ISR
003f8548   _USER4_ISR
003f854d   _USER5_ISR
003f8552   _USER6_ISR
003f8557   _USER7_ISR
003f855c   _USER8_ISR
003f8561   _USER9_ISR
003f905c   _Ua_pwm
003f905a   _Ub_pwm
003f9068   _Uc_pwm
003f9052   _Udc
003f9062   _Udc_offset
003f9058   _Udc_offset_temp
003f8593   _WAKEINT_ISR
003f857f   _XINT1_ISR
003f8584   _XINT2_ISR
00007070   _XIntruptRegs
00000b20   _XintfRegs
00000800   __STACK_END
00000400   __STACK_SIZE
00000001   __TI_args_main
ffffffff   ___binit__
ffffffff   ___c_args__
00100000   ___cinit__
003f8a91   ___etext__
ffffffff   ___pinit__
003f8002   ___text__
003f89de   __args_main
003f902c   __cleanup_ptr
003f902e   __dtors_ptr
003f902a   __lock
003f8a82   __nop
003f8a7e   __register_lock
003f8a7a   __register_unlock
00000400   __stack
003f9028   __unlock
003f8a13   _abort
003f90a6   _ac
003f8031   _anticlarke_calc
003f808e   _antipark_calc
003f9080   _ap
003f909c   _c2
003f9090   _c_I
003f9094   _c_U
003f888c   _c_int00
003f9047   _char_test
003f8013   _clarke_calc
003f9045   _cnt
003f9030   _errno
003f8a15   _exit
003f90ac   _ip
003f90a0   _l2p_U
003f8913   _ldexp
003f80b7   _line_to_phase
003f8163   _main
003f9084   _p_I
003f9088   _p_U
003f8065   _park_calc
003f8494   _pi_calc
003f9098   _pll2
003f908c   _pll_I
003f907c   _pll_U
003f80f7   _pll_calc
003f8660   _rsvd_ISR
003f9074   _sample_time
003f883c   _sqrt
003f9046   _uint16_test
003f9044   _ushort_test
003f9043   _x
ffffffff   binit
00100000   cinit
003f8a91   etext
ffffffff   pinit


GLOBAL SYMBOLS: SORTED BY Symbol Address 

address    name
--------   ----
00000001   __TI_args_main
00000400   __STACK_SIZE
00000400   __stack
00000800   __STACK_END
00000880   _DevEmuRegs
00000a80   _FlashRegs
00000ae0   _CsmRegs
00000b20   _XintfRegs
00000c00   _CpuTimer0Regs
00000ce0   _PieCtrlRegs
00000d00   _PieVectTable
00006000   _ECanaRegs
00006040   _ECanaLAMRegs
00006080   _ECanaMOTSRegs
000060c0   _ECanaMOTORegs
00006100   _ECanaMboxes
00007010   _SysCtrlRegs
00007040   _SpiaRegs
00007050   _SciaRegs
00007070   _XIntruptRegs
000070c0   _GpioMuxRegs
000070e0   _GpioDataRegs
00007100   _AdcRegs
00007400   _EvaRegs
00007500   _EvbRegs
00007750   _ScibRegs
00007800   _McbspaRegs
00100000   ___cinit__
00100000   cinit
00100413   _InitFlash
0010042a   _DSP28x_usDelay
003f7ff8   _CsmPwl
003f8002   .text
003f8002   _InitSciRS232
003f8002   ___text__
003f8013   _clarke_calc
003f8031   _anticlarke_calc
003f8065   _park_calc
003f808e   _antipark_calc
003f80b7   _line_to_phase
003f80f7   _pll_calc
003f8163   _main
003f8288   _ADC_T1TOADC_isr
003f82ad   _ADC_SampleINT
003f82c5   _ADCSmplePro
003f8494   _pi_calc
003f8502   _Comm
003f8516   _INT13_ISR
003f851b   _INT14_ISR
003f8520   _DATALOG_ISR
003f8525   _RTOSINT_ISR
003f852a   _EMUINT_ISR
003f852f   _NMI_ISR
003f8534   _ILLEGAL_ISR
003f8539   _USER1_ISR
003f853e   _USER2_ISR
003f8543   _USER3_ISR
003f8548   _USER4_ISR
003f854d   _USER5_ISR
003f8552   _USER6_ISR
003f8557   _USER7_ISR
003f855c   _USER8_ISR
003f8561   _USER9_ISR
003f8566   _USER10_ISR
003f856b   _USER11_ISR
003f8570   _USER12_ISR
003f8575   _PDPINTA_ISR
003f857a   _PDPINTB_ISR
003f857f   _XINT1_ISR
003f8584   _XINT2_ISR
003f8589   _ADCINT_ISR
003f858e   _TINT0_ISR
003f8593   _WAKEINT_ISR
003f8598   _CMP1INT_ISR
003f859d   _CMP2INT_ISR
003f85a2   _CMP3INT_ISR
003f85a7   _T1PINT_ISR
003f85ac   _T1CINT_ISR
003f85b1   _T1UFINT_ISR
003f85b6   _T1OFINT_ISR
003f85bb   _T2PINT_ISR
003f85c0   _T2CINT_ISR
003f85c5   _T2UFINT_ISR
003f85ca   _T2OFINT_ISR
003f85cf   _CAPINT1_ISR
003f85d4   _CAPINT2_ISR
003f85d9   _CAPINT3_ISR
003f85de   _CMP4INT_ISR
003f85e3   _CMP5INT_ISR
003f85e8   _CMP6INT_ISR
003f85ed   _T3PINT_ISR
003f85f2   _T3CINT_ISR
003f85f7   _T3UFINT_ISR
003f85fc   _T3OFINT_ISR
003f8601   _T4PINT_ISR
003f8606   _T4CINT_ISR
003f860b   _T4UFINT_ISR
003f8610   _T4OFINT_ISR
003f8615   _CAPINT4_ISR
003f861a   _CAPINT5_ISR
003f861f   _CAPINT6_ISR
003f8624   _SPIRXINTA_ISR
003f8629   _SPITXINTA_ISR
003f862e   _MRINTA_ISR
003f8633   _MXINTA_ISR
003f8638   _SCIRXINTA_ISR
003f863d   _SCITXINTA_ISR
003f8642   _SCIRXINTB_ISR
003f8647   _SCITXINTB_ISR
003f864c   _ECAN0INTA_ISR
003f8651   _ECAN1INTA_ISR
003f8656   _EMPTY_ISR
003f865b   _PIE_RESERVED
003f8660   _rsvd_ISR
003f8665   FS$$DIV
003f86e8   _InitSysCtrl
003f86f0   _KickDog
003f86fa   _DisableDog
003f8702   _InitPll
003f871f   _InitPeripheralClocks
003f8739   _CsmUnlock
003f876a   FS$$SUB
003f876f   FS$$ADD
003f87e2   FS$$MPY
003f883c   _sqrt
003f888c   _c_int00
003f88d0   _InitGpio
003f88dd   _Init_Gpio
003f8913   _ldexp
003f8954   _InitPieCtrl
003f8973   _EnableInterrupts
003f897c   FS$$TOI
003f89a1   _InitPieVectTable
003f89c1   FS$$TOU
003f89de   __args_main
003f89f9   I$$TOFS
003f8a13   C$$EXIT
003f8a13   _abort
003f8a15   _exit
003f8a2c   FS$$CMP
003f8a43   _MemCopy
003f8a58   _InitAdc
003f8a6a   U$$TOFS
003f8a7a   __register_unlock
003f8a7e   __register_lock
003f8a82   __nop
003f8a8b   FS$$NEG
003f8a90   _InitSci
003f8a91   ___etext__
003f8a91   etext
003f9028   __unlock
003f902a   __lock
003f902c   __cleanup_ptr
003f902e   __dtors_ptr
003f9030   _errno
003f9040   _InitPoint
003f9041   _AD_corrention_flag
003f9042   _ADflag
003f9043   _x
003f9044   _ushort_test
003f9045   _cnt
003f9046   _uint16_test
003f9047   _char_test
003f9048   _U2_offset
003f904a   _U1_offset
003f904c   _I1_offset
003f904e   _I2
003f9050   _I3
003f9052   _Udc
003f9054   _I2_offset_temp
003f9056   _I1_offset_temp
003f9058   _Udc_offset_temp
003f905a   _Ub_pwm
003f905c   _Ua_pwm
003f905e   _I2_offset
003f9060   _I1
003f9062   _Udc_offset
003f9064   _U2_offset_temp
003f9066   _U1_offset_temp
003f9068   _Uc_pwm
003f906a   _ADREG
003f906c   _Feb1
003f906e   _AD_CHIPSEL0
003f9070   _AD_CHIPSEL1
003f9072   _AD_CONVST
003f9074   _sample_time
003f9076   _U2
003f9078   _U1
003f907a   _Feb2
003f907c   _pll_U
003f9080   _ap
003f9084   _p_I
003f9088   _p_U
003f908c   _pll_I
003f9090   _c_I
003f9094   _c_U
003f9098   _pll2
003f909c   _c2
003f90a0   _l2p_U
003f90a6   _ac
003f90ac   _ip
003f90c0   _PI_Ia
003f90d2   _PI_Udc
003f90e4   _PI_Ib
003f9100   _PI_Ic
003f9112   _Out_Data
003f9140   _SCI
003f9180   _AD
003f9486   _PieVectTableInit
ffffffff   ___binit__
ffffffff   ___c_args__
ffffffff   ___pinit__
ffffffff   binit
ffffffff   pinit

[214 symbols]
