******************************************************************************
             TMS320C2000 Linker PC v5.2.3                      
******************************************************************************
>> Linked Wed Jan 07 10:52:59 2015

OUTPUT FILE NAME:   <D-STATCOM_ByLee.out>
ENTRY POINT SYMBOL: "_c_int00"  address: 003f8862


MEMORY CONFIGURATION

         name            origin    length      used     unused   attr    fill
----------------------  --------  ---------  --------  --------  ----  --------
PAGE 0:
  RAMM0                 00000000   00000400  00000000  00000400  RWIX
  BEGIN                 003f8000   00000002  00000002  00000000  RWIX
  PRAMH0                003f8002   00000ffe  00000a64  0000059a  RWIX
  BOOTROM               003ff000   00000fc0  00000000  00000fc0  RW  
  RESET                 003fffc0   00000002  00000000  00000002  RWIX

PAGE 1:
  RAMM1                 00000400   00000400  00000400  00000000  RWIX
  DEV_EMU               00000880   00000180  000000d2  000000ae  RWIX
  FLASH_REGS            00000a80   00000060  00000008  00000058  RWIX
  CSM                   00000ae0   00000010  00000010  00000000  RWIX
  XINTF                 00000b20   00000020  00000020  00000000  RWIX
  CPU_TIMER0            00000c00   00000008  00000008  00000000  RWIX
  PIE_CTRL              00000ce0   00000020  0000001a  00000006  RWIX
  PIE_VECT              00000d00   00000100  00000100  00000000  RWIX
  ECANA                 00006000   00000040  00000034  0000000c  RWIX
  ECANA_LAM             00006040   00000040  00000040  00000000  RWIX
  ECANA_MOTS            00006080   00000040  00000040  00000000  RWIX
  ECANA_MOTO            000060c0   00000040  00000040  00000000  RWIX
  ECANA_MBOX            00006100   00000100  00000100  00000000  RWIX
  SYSTEM                00007010   00000020  00000020  00000000  RWIX
  SPIA                  00007040   00000010  00000010  00000000  RWIX
  SCIA                  00007050   00000010  00000010  00000000  RWIX
  XINTRUPT              00007070   00000010  00000010  00000000  RWIX
  GPIOMUX               000070c0   00000020  00000020  00000000  RWIX
  GPIODAT               000070e0   00000020  00000020  00000000  RWIX
  ADC                   00007100   00000020  0000001a  00000006  RWIX
  EVA                   00007400   00000040  00000032  0000000e  RWIX
  EVB                   00007500   00000040  00000032  0000000e  RWIX
  SCIB                  00007750   00000010  00000010  00000000  RWIX
  MCBSPA                00007800   00000040  00000025  0000001b  RWIX
  DSRAM                 00100000   00010000  00000417  0000fbe9  RWIX
  CSM_PWL               003f7ff8   00000008  00000008  00000000  RWIX
  DRAMH0                003f9028   00000fd8  0000051e  00000aba  RWIX


SECTION ALLOCATION MAP

 output                                  attributes/
section   page    origin      length       input sections
--------  ----  ----------  ----------   ----------------
.pinit     0    003f8002    00000000     UNINITIALIZED

codestart 
*          0    003f8000    00000002     
                  003f8000    00000002     DSP281x_CodeStartBranch.obj (codestart)

.text      0    003f8002    00000a64     
                  003f8002    000004ea     D-STATCOM_Main_ByLee.obj (.text)
                  003f84ec    0000014f     DSP281x_DefaultIsr.obj (.text)
                  003f863b    00000083     rts2800_ml.lib : fs_div.obj (.text)
                  003f86be    00000082     DSP281x_SysCtrl.obj (.text)
                  003f8740    00000078     rts2800_ml.lib : fs_add.obj (.text)
                  003f87b8    0000005a                    : fs_mpy.obj (.text)
                  003f8812    00000050                    : sqrt.obj (.text)
                  003f8862    00000044                    : boot.obj (.text)
                  003f88a6    00000043     DSP281x_Gpio.obj (.text)
                  003f88e9    00000041     rts2800_ml.lib : ldexp.obj (.text)
                  003f892a    00000028     DSP281x_PieCtrl.obj (.text)
                  003f8952    00000025     rts2800_ml.lib : fs_toi.obj (.text)
                  003f8977    00000020     DSP281x_PieVect.obj (.text)
                  003f8997    0000001d     rts2800_ml.lib : fs_tou.obj (.text)
                  003f89b4    0000001b                    : args_main.obj (.text)
                  003f89cf    0000001a                    : i_tofs.obj (.text)
                  003f89e9    00000019                    : exit.obj (.text)
                  003f8a02    00000017                    : fs_cmp.obj (.text)
                  003f8a19    00000015     DSP281x_MemCopy.obj (.text)
                  003f8a2e    00000012     DSP281x_Adc.obj (.text)
                  003f8a40    00000010     rts2800_ml.lib : u_tofs.obj (.text)
                  003f8a50    00000009                    : _lock.obj (.text)
                  003f8a59    00000008     DSP281x_CodeStartBranch.obj (.text)
                  003f8a61    00000005     rts2800_ml.lib : fs_neg.obj (.text)

.reset     0    003fffc0    00000002     DSECT
                  003fffc0    00000002     rts2800_ml.lib : boot.obj (.reset)

.stack     1    00000400    00000400     UNINITIALIZED
                  00000400    00000400     --HOLE--

DevEmuRegsFile 
*          1    00000880    000000d2     UNINITIALIZED
                  00000880    000000d2     DSP281x_GlobalVariableDefs.obj (DevEmuRegsFile)

FlashRegsFile 
*          1    00000a80    00000008     UNINITIALIZED
                  00000a80    00000008     DSP281x_GlobalVariableDefs.obj (FlashRegsFile)

CsmRegsFile 
*          1    00000ae0    00000010     UNINITIALIZED
                  00000ae0    00000010     DSP281x_GlobalVariableDefs.obj (CsmRegsFile)

XintfRegsFile 
*          1    00000b20    00000020     UNINITIALIZED
                  00000b20    00000020     DSP281x_GlobalVariableDefs.obj (XintfRegsFile)

CpuTimer0RegsFile 
*          1    00000c00    00000008     UNINITIALIZED
                  00000c00    00000008     DSP281x_GlobalVariableDefs.obj (CpuTimer0RegsFile)

PieCtrlRegsFile 
*          1    00000ce0    0000001a     UNINITIALIZED
                  00000ce0    0000001a     DSP281x_GlobalVariableDefs.obj (PieCtrlRegsFile)

PieVectTableFile 
*          1    00000d00    00000100     UNINITIALIZED
                  00000d00    00000100     DSP281x_GlobalVariableDefs.obj (PieVectTableFile)

ECanaRegsFile 
*          1    00006000    00000034     UNINITIALIZED
                  00006000    00000034     DSP281x_GlobalVariableDefs.obj (ECanaRegsFile)

ECanaLAMRegsFile 
*          1    00006040    00000040     UNINITIALIZED
                  00006040    00000040     DSP281x_GlobalVariableDefs.obj (ECanaLAMRegsFile)

ECanaMOTSRegsFile 
*          1    00006080    00000040     UNINITIALIZED
                  00006080    00000040     DSP281x_GlobalVariableDefs.obj (ECanaMOTSRegsFile)

ECanaMOTORegsFile 
*          1    000060c0    00000040     UNINITIALIZED
                  000060c0    00000040     DSP281x_GlobalVariableDefs.obj (ECanaMOTORegsFile)

ECanaMboxesFile 
*          1    00006100    00000100     UNINITIALIZED
                  00006100    00000100     DSP281x_GlobalVariableDefs.obj (ECanaMboxesFile)

SysCtrlRegsFile 
*          1    00007010    00000020     UNINITIALIZED
                  00007010    00000020     DSP281x_GlobalVariableDefs.obj (SysCtrlRegsFile)

SpiaRegsFile 
*          1    00007040    00000010     UNINITIALIZED
                  00007040    00000010     DSP281x_GlobalVariableDefs.obj (SpiaRegsFile)

SciaRegsFile 
*          1    00007050    00000010     UNINITIALIZED
                  00007050    00000010     DSP281x_GlobalVariableDefs.obj (SciaRegsFile)

XIntruptRegsFile 
*          1    00007070    00000010     UNINITIALIZED
                  00007070    00000010     DSP281x_GlobalVariableDefs.obj (XIntruptRegsFile)

GpioMuxRegsFile 
*          1    000070c0    00000020     UNINITIALIZED
                  000070c0    00000020     DSP281x_GlobalVariableDefs.obj (GpioMuxRegsFile)

GpioDataRegsFile 
*          1    000070e0    00000020     UNINITIALIZED
                  000070e0    00000020     DSP281x_GlobalVariableDefs.obj (GpioDataRegsFile)

AdcRegsFile 
*          1    00007100    0000001a     UNINITIALIZED
                  00007100    0000001a     DSP281x_GlobalVariableDefs.obj (AdcRegsFile)

EvaRegsFile 
*          1    00007400    00000032     UNINITIALIZED
                  00007400    00000032     DSP281x_GlobalVariableDefs.obj (EvaRegsFile)

EvbRegsFile 
*          1    00007500    00000032     UNINITIALIZED
                  00007500    00000032     DSP281x_GlobalVariableDefs.obj (EvbRegsFile)

ScibRegsFile 
*          1    00007750    00000010     UNINITIALIZED
                  00007750    00000010     DSP281x_GlobalVariableDefs.obj (ScibRegsFile)

McbspaRegsFile 
*          1    00007800    00000025     UNINITIALIZED
                  00007800    00000025     DSP281x_GlobalVariableDefs.obj (McbspaRegsFile)

.cinit     1    00100000    000003fc     
                  00100000    000003e2     D-STATCOM_Main_ByLee.obj (.cinit)
                  001003e2    0000000a     rts2800_ml.lib : _lock.obj (.cinit)
                  001003ec    0000000a                    : exit.obj (.cinit)
                  001003f6    00000004                    : errno.obj (.cinit)
                  001003fa    00000002     --HOLE-- [fill = 0]

ramfuncs   1    001003fc    0000001b     
                  001003fc    00000017     DSP281x_SysCtrl.obj (ramfuncs)
                  00100413    00000004     DSP281x_usDelay.obj (ramfuncs)

CsmPwlFile 
*          1    003f7ff8    00000008     UNINITIALIZED
                  003f7ff8    00000008     DSP281x_GlobalVariableDefs.obj (CsmPwlFile)

.ebss      1    003f9028    0000041e     UNINITIALIZED
                  003f9028    00000004     rts2800_ml.lib : _lock.obj (.ebss)
                  003f902c    00000004                    : exit.obj (.ebss)
                  003f9030    00000001                    : errno.obj (.ebss)
                  003f9031    0000000f     --HOLE--
                  003f9040    00000406     D-STATCOM_Main_ByLee.obj (.ebss)

.econst    1    003f9446    00000100     
                  003f9446    00000100     DSP281x_PieVect.obj (.econst)


GLOBAL SYMBOLS: SORTED ALPHABETICALLY BY Name 

address    name
--------   ----
003f8002   .text
003f89e9   C$$EXIT
003f8745   FS$$ADD
003f8a02   FS$$CMP
003f863b   FS$$DIV
003f87b8   FS$$MPY
003f8a61   FS$$NEG
003f8740   FS$$SUB
003f8952   FS$$TOI
003f8997   FS$$TOU
003f89cf   I$$TOFS
003f8a40   U$$TOFS
003f9140   _AD
003f855f   _ADCINT_ISR
003f82af   _ADCSmplePro
003f8297   _ADC_SampleINT
003f8272   _ADC_T1TOADC_isr
003f9066   _ADREG
003f906e   _AD_CHIPSEL0
003f906a   _AD_CHIPSEL1
003f906c   _AD_CONVST
003f9040   _AD_corrention_flag
003f9043   _ADflag
00007100   _AdcRegs
003f85a5   _CAPINT1_ISR
003f85aa   _CAPINT2_ISR
003f85af   _CAPINT3_ISR
003f85eb   _CAPINT4_ISR
003f85f0   _CAPINT5_ISR
003f85f5   _CAPINT6_ISR
003f856e   _CMP1INT_ISR
003f8573   _CMP2INT_ISR
003f8578   _CMP3INT_ISR
003f85b4   _CMP4INT_ISR
003f85b9   _CMP5INT_ISR
003f85be   _CMP6INT_ISR
00000c00   _CpuTimer0Regs
003f7ff8   _CsmPwl
00000ae0   _CsmRegs
003f870f   _CsmUnlock
003f84f6   _DATALOG_ISR
00100413   _DSP28x_usDelay
00000880   _DevEmuRegs
003f86d0   _DisableDog
003f8622   _ECAN0INTA_ISR
003f8627   _ECAN1INTA_ISR
00006040   _ECanaLAMRegs
000060c0   _ECanaMOTORegs
00006080   _ECanaMOTSRegs
00006100   _ECanaMboxes
00006000   _ECanaRegs
003f862c   _EMPTY_ISR
003f8500   _EMUINT_ISR
003f8949   _EnableInterrupts
00007400   _EvaRegs
00007500   _EvbRegs
003f9068   _Feb1
003f9076   _Feb2
00000a80   _FlashRegs
000070e0   _GpioDataRegs
000070c0   _GpioMuxRegs
003f905c   _I1
003f9046   _I1_offset
003f9052   _I1_offset_temp
003f904a   _I2
003f905a   _I2_offset
003f9050   _I2_offset_temp
003f9048   _I3
003f850a   _ILLEGAL_ISR
003f84ec   _INT13_ISR
003f84f1   _INT14_ISR
003f8a2e   _InitAdc
001003fc   _InitFlash
003f88a6   _InitGpio
003f86f5   _InitPeripheralClocks
003f892a   _InitPieCtrl
003f8977   _InitPieVectTable
003f86d8   _InitPll
003f9044   _InitPoint
003f86be   _InitSysCtrl
003f88b3   _Init_Gpio
003f86c6   _KickDog
003f8604   _MRINTA_ISR
003f8609   _MXINTA_ISR
00007800   _McbspaRegs
003f8a19   _MemCopy
003f8505   _NMI_ISR
003f854b   _PDPINTA_ISR
003f8550   _PDPINTB_ISR
003f8631   _PIE_RESERVED
003f9112   _PI_Ia
003f9100   _PI_Ib
003f9124   _PI_Ic
003f90c0   _PI_Id
003f90e4   _PI_Iq
003f90d2   _PI_Udc
00000ce0   _PieCtrlRegs
00000d00   _PieVectTable
003f9446   _PieVectTableInit
003f84fb   _RTOSINT_ISR
003f860e   _SCIRXINTA_ISR
003f8618   _SCIRXINTB_ISR
003f8613   _SCITXINTA_ISR
003f861d   _SCITXINTB_ISR
003f85fa   _SPIRXINTA_ISR
003f85ff   _SPITXINTA_ISR
00007050   _SciaRegs
00007750   _ScibRegs
00007040   _SpiaRegs
00007010   _SysCtrlRegs
003f8582   _T1CINT_ISR
003f858c   _T1OFINT_ISR
003f857d   _T1PINT_ISR
003f8587   _T1UFINT_ISR
003f8596   _T2CINT_ISR
003f85a0   _T2OFINT_ISR
003f8591   _T2PINT_ISR
003f859b   _T2UFINT_ISR
003f85c8   _T3CINT_ISR
003f85d2   _T3OFINT_ISR
003f85c3   _T3PINT_ISR
003f85cd   _T3UFINT_ISR
003f85dc   _T4CINT_ISR
003f85e6   _T4OFINT_ISR
003f85d7   _T4PINT_ISR
003f85e1   _T4UFINT_ISR
003f8564   _TINT0_ISR
003f9074   _U1
003f904e   _U1_offset
003f9062   _U1_offset_temp
003f9070   _U2
003f904c   _U2_offset
003f9060   _U2_offset_temp
003f853c   _USER10_ISR
003f8541   _USER11_ISR
003f8546   _USER12_ISR
003f850f   _USER1_ISR
003f8514   _USER2_ISR
003f8519   _USER3_ISR
003f851e   _USER4_ISR
003f8523   _USER5_ISR
003f8528   _USER6_ISR
003f852d   _USER7_ISR
003f8532   _USER8_ISR
003f8537   _USER9_ISR
003f9058   _Ua_pwm
003f9056   _Ub_pwm
003f9064   _Uc_pwm
003f9072   _Udc
003f905e   _Udc_offset
003f9054   _Udc_offset_temp
003f8569   _WAKEINT_ISR
003f8555   _XINT1_ISR
003f855a   _XINT2_ISR
00007070   _XIntruptRegs
00000b20   _XintfRegs
00000800   __STACK_END
00000400   __STACK_SIZE
00000001   __TI_args_main
ffffffff   ___binit__
ffffffff   ___c_args__
00100000   ___cinit__
003f8a66   ___etext__
ffffffff   ___pinit__
003f8002   ___text__
003f89b4   __args_main
003f902c   __cleanup_ptr
003f902e   __dtors_ptr
003f902a   __lock
003f8a58   __nop
003f8a54   __register_lock
003f8a50   __register_unlock
00000400   __stack
003f9028   __unlock
003f89e9   _abort
003f90a0   _ac
003f8020   _anticlarke_calc
003f807d   _antipark_calc
003f9090   _ap
003f9094   _c2
003f9080   _c_I
003f907a   _c_U
003f8862   _c_int00
003f8002   _clarke_calc
003f9041   _cnt
003f9030   _errno
003f89eb   _exit
003f90ac   _ip
003f90a6   _l2p_U
003f88e9   _ldexp
003f80a6   _line_to_phase
003f8152   _main
003f9098   _p_I
003f908c   _p_U
003f8054   _park_calc
003f847e   _pi_calc
003f909c   _pll2
003f9088   _pll_I
003f9084   _pll_U
003f80e6   _pll_calc
003f8636   _rsvd_ISR
003f9078   _sample_time
003f8812   _sqrt
003f9042   _x
ffffffff   binit
00100000   cinit
003f8a66   etext
ffffffff   pinit


GLOBAL SYMBOLS: SORTED BY Symbol Address 

address    name
--------   ----
00000001   __TI_args_main
00000400   __STACK_SIZE
00000400   __stack
00000800   __STACK_END
00000880   _DevEmuRegs
00000a80   _FlashRegs
00000ae0   _CsmRegs
00000b20   _XintfRegs
00000c00   _CpuTimer0Regs
00000ce0   _PieCtrlRegs
00000d00   _PieVectTable
00006000   _ECanaRegs
00006040   _ECanaLAMRegs
00006080   _ECanaMOTSRegs
000060c0   _ECanaMOTORegs
00006100   _ECanaMboxes
00007010   _SysCtrlRegs
00007040   _SpiaRegs
00007050   _SciaRegs
00007070   _XIntruptRegs
000070c0   _GpioMuxRegs
000070e0   _GpioDataRegs
00007100   _AdcRegs
00007400   _EvaRegs
00007500   _EvbRegs
00007750   _ScibRegs
00007800   _McbspaRegs
00100000   ___cinit__
00100000   cinit
001003fc   _InitFlash
00100413   _DSP28x_usDelay
003f7ff8   _CsmPwl
003f8002   .text
003f8002   ___text__
003f8002   _clarke_calc
003f8020   _anticlarke_calc
003f8054   _park_calc
003f807d   _antipark_calc
003f80a6   _line_to_phase
003f80e6   _pll_calc
003f8152   _main
003f8272   _ADC_T1TOADC_isr
003f8297   _ADC_SampleINT
003f82af   _ADCSmplePro
003f847e   _pi_calc
003f84ec   _INT13_ISR
003f84f1   _INT14_ISR
003f84f6   _DATALOG_ISR
003f84fb   _RTOSINT_ISR
003f8500   _EMUINT_ISR
003f8505   _NMI_ISR
003f850a   _ILLEGAL_ISR
003f850f   _USER1_ISR
003f8514   _USER2_ISR
003f8519   _USER3_ISR
003f851e   _USER4_ISR
003f8523   _USER5_ISR
003f8528   _USER6_ISR
003f852d   _USER7_ISR
003f8532   _USER8_ISR
003f8537   _USER9_ISR
003f853c   _USER10_ISR
003f8541   _USER11_ISR
003f8546   _USER12_ISR
003f854b   _PDPINTA_ISR
003f8550   _PDPINTB_ISR
003f8555   _XINT1_ISR
003f855a   _XINT2_ISR
003f855f   _ADCINT_ISR
003f8564   _TINT0_ISR
003f8569   _WAKEINT_ISR
003f856e   _CMP1INT_ISR
003f8573   _CMP2INT_ISR
003f8578   _CMP3INT_ISR
003f857d   _T1PINT_ISR
003f8582   _T1CINT_ISR
003f8587   _T1UFINT_ISR
003f858c   _T1OFINT_ISR
003f8591   _T2PINT_ISR
003f8596   _T2CINT_ISR
003f859b   _T2UFINT_ISR
003f85a0   _T2OFINT_ISR
003f85a5   _CAPINT1_ISR
003f85aa   _CAPINT2_ISR
003f85af   _CAPINT3_ISR
003f85b4   _CMP4INT_ISR
003f85b9   _CMP5INT_ISR
003f85be   _CMP6INT_ISR
003f85c3   _T3PINT_ISR
003f85c8   _T3CINT_ISR
003f85cd   _T3UFINT_ISR
003f85d2   _T3OFINT_ISR
003f85d7   _T4PINT_ISR
003f85dc   _T4CINT_ISR
003f85e1   _T4UFINT_ISR
003f85e6   _T4OFINT_ISR
003f85eb   _CAPINT4_ISR
003f85f0   _CAPINT5_ISR
003f85f5   _CAPINT6_ISR
003f85fa   _SPIRXINTA_ISR
003f85ff   _SPITXINTA_ISR
003f8604   _MRINTA_ISR
003f8609   _MXINTA_ISR
003f860e   _SCIRXINTA_ISR
003f8613   _SCITXINTA_ISR
003f8618   _SCIRXINTB_ISR
003f861d   _SCITXINTB_ISR
003f8622   _ECAN0INTA_ISR
003f8627   _ECAN1INTA_ISR
003f862c   _EMPTY_ISR
003f8631   _PIE_RESERVED
003f8636   _rsvd_ISR
003f863b   FS$$DIV
003f86be   _InitSysCtrl
003f86c6   _KickDog
003f86d0   _DisableDog
003f86d8   _InitPll
003f86f5   _InitPeripheralClocks
003f870f   _CsmUnlock
003f8740   FS$$SUB
003f8745   FS$$ADD
003f87b8   FS$$MPY
003f8812   _sqrt
003f8862   _c_int00
003f88a6   _InitGpio
003f88b3   _Init_Gpio
003f88e9   _ldexp
003f892a   _InitPieCtrl
003f8949   _EnableInterrupts
003f8952   FS$$TOI
003f8977   _InitPieVectTable
003f8997   FS$$TOU
003f89b4   __args_main
003f89cf   I$$TOFS
003f89e9   C$$EXIT
003f89e9   _abort
003f89eb   _exit
003f8a02   FS$$CMP
003f8a19   _MemCopy
003f8a2e   _InitAdc
003f8a40   U$$TOFS
003f8a50   __register_unlock
003f8a54   __register_lock
003f8a58   __nop
003f8a61   FS$$NEG
003f8a66   ___etext__
003f8a66   etext
003f9028   __unlock
003f902a   __lock
003f902c   __cleanup_ptr
003f902e   __dtors_ptr
003f9030   _errno
003f9040   _AD_corrention_flag
003f9041   _cnt
003f9042   _x
003f9043   _ADflag
003f9044   _InitPoint
003f9046   _I1_offset
003f9048   _I3
003f904a   _I2
003f904c   _U2_offset
003f904e   _U1_offset
003f9050   _I2_offset_temp
003f9052   _I1_offset_temp
003f9054   _Udc_offset_temp
003f9056   _Ub_pwm
003f9058   _Ua_pwm
003f905a   _I2_offset
003f905c   _I1
003f905e   _Udc_offset
003f9060   _U2_offset_temp
003f9062   _U1_offset_temp
003f9064   _Uc_pwm
003f9066   _ADREG
003f9068   _Feb1
003f906a   _AD_CHIPSEL1
003f906c   _AD_CONVST
003f906e   _AD_CHIPSEL0
003f9070   _U2
003f9072   _Udc
003f9074   _U1
003f9076   _Feb2
003f9078   _sample_time
003f907a   _c_U
003f9080   _c_I
003f9084   _pll_U
003f9088   _pll_I
003f908c   _p_U
003f9090   _ap
003f9094   _c2
003f9098   _p_I
003f909c   _pll2
003f90a0   _ac
003f90a6   _l2p_U
003f90ac   _ip
003f90c0   _PI_Id
003f90d2   _PI_Udc
003f90e4   _PI_Iq
003f9100   _PI_Ib
003f9112   _PI_Ia
003f9124   _PI_Ic
003f9140   _AD
003f9446   _PieVectTableInit
ffffffff   ___binit__
ffffffff   ___c_args__
ffffffff   ___pinit__
ffffffff   binit
ffffffff   pinit

[208 symbols]
